// Jest Snapshot v1, https://goo.gl/fbAQLP

exports[`BackButton component should match snapshot 1`] = `
<View
  accessibilityState={
    {
      "busy": undefined,
      "checked": undefined,
      "disabled": undefined,
      "expanded": undefined,
      "selected": undefined,
    }
  }
  accessibilityValue={
    {
      "max": undefined,
      "min": undefined,
      "now": undefined,
      "text": undefined,
    }
  }
  accessible={true}
  collapsable={false}
  focusable={true}
  onClick={[Function]}
  onResponderGrant={[Function]}
  onResponderMove={[Function]}
  onResponderRelease={[Function]}
  onResponderTerminate={[Function]}
  onResponderTerminationRequest={[Function]}
  onStartShouldSetResponder={[Function]}
  style={
    {
      "alignItems": "center",
      "backgroundColor": "#1D2330",
      "borderRadius": 12,
      "borderWidth": 1,
      "justifyContent": "center",
      "opacity": 1,
      "paddingHorizontal": 16,
      "paddingVertical": 8,
    }
  }
  testID="button"
>
  <Text
    style={
      [
        {
          "color": "#FFFFFF",
          "fontSize": 16,
          "lineHeight": 20,
        },
        undefined,
      ]
    }
  >
    test button
  </Text>
</View>
`;
