// Jest Snapshot v1, https://goo.gl/fbAQLP

exports[`Histogram component should match snapshot 1`] = `
<View
  testID="histogram"
/>
`;
