// Jest Snapshot v1, https://goo.gl/fbAQLP

exports[`LoadingSpinner component should match snapshot 1`] = `
<View>
  <ActivityIndicator
    color="#007ff9"
    size="large"
  />
</View>
`;
